// Jest Snapshot v1, https://goo.gl/fbAQLP

exports[`accordion renders 1`] = `
<div
  class="panel-group"
  id="test"
  role="tablist"
  style="height: 200px;"
>
  <div
    class="panel panel-default"
  >
    <div
      class="panel-heading"
      id="test-heading-1"
      role="tab"
    >
      <div
        class="panel-title"
      >
        <a
          aria-controls="test-body-1"
          aria-expanded="true"
          class=""
          href="#"
          role="button"
        >
          Panel 1
        </a>
      </div>
    </div>
    <div
      aria-expanded="true"
      aria-labelledby="test-heading-1"
      class="panel-collapse collapse in"
      id="test-body-1"
      role="tabpanel"
    >
      <div
        class="panel-body"
      >
        <div>
          test blahs
        </div>
      </div>
    </div>
  </div>
</div>
`;

exports[`testing properties get added to panel body after click 1`] = `"<div class=\\"panel-body\\" style=\\"max-height: 0px; overflow-y: auto;\\"><div>Test content</div></div>"`;
